calc#M.2
|
`- SignatureDecl
   |
   `- type
      |
      `- Type.Arrow U
         |
         +- Type.Arrow ? U
         |  |
         |  +- Type.Type
         |  |  |
         |  |  `- TypeRef
         |  |     |
         |  |     `- Int
         |  |
         |  `- Type.Type
         |     |
         |     `- TypeRef
         |        |
         |        `- Int
         |
         `- Type.Type
            |
            `- TypeRef
               |
               `- Int

check2#M.0
|
`- ValueDecl
   |
   +- type
   |  |
   |  `- Type.Type
   |     |
   |     `- TypeRef
   |        |
   |        `- Int
   |
   +- params
   |
   `- definition
      |
      `- Exp.Exp
         |
         `- TcExpX.ValueCase
            |
            +- Exp.Abs U «implicit-arg»#M.5
            |  |
            |  +- Type.Type
            |  |  |
            |  |  `- TypeRef
            |  |     |
            |  |     `- Int
            |  |
            |  `- Exp.App
            |     |
            |     +- Exp.App
            |     |  |
            |     |  +- Exp.Var (+)#Builtin.19
            |     |  |
            |     |  `- Exp.App
            |     |     |
            |     |     +- Exp.TypeApp
            |     |     |  |
            |     |     |  +- Exp.Var implicit#Builtin.32
            |     |     |  |
            |     |     |  `- Type.Type
            |     |     |     |
            |     |     |     `- TypeRef
            |     |     |        |
            |     |     |        `- Int
            |     |     |
            |     |     `- Exp.Var «implicit-arg»#M.5
            |     |
            |     `- Exp.Lit
            |        |
            |        `- Lit.Int 10
            |
            `- inner#M.3
               |
               `- Exp.App
                  |
                  +- Exp.Var calc#M.2
                  |
                  `- Exp.Abs U «implicit-arg»#M.6
                     |
                     +- Type.Type
                     |  |
                     |  `- TypeRef
                     |     |
                     |     `- Int
                     |
                     `- Exp.App
                        |
                        +- Exp.Var inner#M.3
                        |
                        `- Exp.Var «implicit-arg»#M.6

synth#M.1
|
`- ValueDecl
   |
   +- type
   |  |
   |  `- Type.Type
   |     |
   |     `- TypeRef
   |        |
   |        `- Int
   |
   +- params
   |
   `- definition
      |
      `- Exp.Exp
         |
         `- TcExpX.ValueCase
            |
            +- Exp.App
            |  |
            |  +- Exp.Var calc#M.2
            |  |
            |  `- Exp.Abs U «implicit-arg»#M.7
            |     |
            |     +- Type.Type
            |     |  |
            |     |  `- TypeRef
            |     |     |
            |     |     `- Int
            |     |
            |     `- Exp.App
            |        |
            |        +- Exp.App
            |        |  |
            |        |  +- Exp.Var (+)#Builtin.19
            |        |  |
            |        |  `- Exp.App
            |        |     |
            |        |     +- Exp.TypeApp
            |        |     |  |
            |        |     |  +- Exp.Var implicit#Builtin.32
            |        |     |  |
            |        |     |  `- Type.Type
            |        |     |     |
            |        |     |     `- TypeRef
            |        |     |        |
            |        |     |        `- Int
            |        |     |
            |        |     `- Exp.Var «implicit-arg»#M.7
            |        |
            |        `- Exp.Lit
            |           |
            |           `- Lit.Int 10
            |
            `- r#M.4
               |
               `- Exp.Var r#M.4

