foo#M.0
|
`- ValueDecl
   |
   +- type
   |  |
   |  `- Type.Type
   |     |
   |     `- TypeRef
   |        |
   |        `- Int
   |
   +- params
   |
   `- definition
      |
      `- Exp.Exp
         |
         `- TcExpX.ValueCase
            |
            +- Exp.Pair
            |  |
            |  +- Exp.Lit
            |  |  |
            |  |  `- Lit.Int 10
            |  |
            |  `- Exp.Lit
            |     |
            |     `- Lit.String "20"
            |
            `- (,)#Builtin.0 theInt#M.1 theString#M.2
               |
               `- Exp.App
                  |
                  +- Exp.App
                  |  |
                  |  +- Exp.Var (+)#Builtin.19
                  |  |
                  |  `- Exp.Var theInt#M.1
                  |
                  `- Exp.Lit
                     |
                     `- Lit.Int 20

