List#M.0
|
`- DataDecl
   |
   +- kind
   |  |
   |  `- TU
   |
   +- parameters
   |  |
   |  `- (a#M.4:TU)
   |
   `- constructors
      |
      +- Cons#M.1
      |  |
      |  +- Type.Var a#M.4
      |  |  |
      |  |  `- TU
      |  |
      |  `- Type.Type
      |     |
      |     `- TypeRef
      |        |
      |        +- List
      |        |
      |        `- Type.Var a#M.4
      |           |
      |           `- TU
      |
      `- Nil#M.2

Cons#M.1
|
`- Decl.DataCon (List#M.0)
   |
   +- parameters
   |  |
   |  `- (a#M.4:TU)
   |
   +- multiplicity
   |  |
   |  `- U
   |
   `- items
      |
      +- Type.Var a#M.4
      |  |
      |  `- TU
      |
      `- Type.Type
         |
         `- TypeRef
            |
            +- List
            |
            `- Type.Var a#M.4
               |
               `- TU

Nil#M.2
|
`- Decl.DataCon (List#M.0)
   |
   +- parameters
   |  |
   |  `- (a#M.4:TU)
   |
   +- multiplicity
   |  |
   |  `- U
   |
   `- items

length#M.3
|
`- ValueDecl
   |
   +- type
   |  |
   |  `- Type.Forall a#M.8:TU
   |     |
   |     `- Type.Arrow U
   |        |
   |        +- Type.Type
   |        |  |
   |        |  `- TypeRef
   |        |     |
   |        |     +- List
   |        |     |
   |        |     `- Type.Var a#M.8
   |        |        |
   |        |        `- TU
   |        |
   |        `- Type.Type
   |           |
   |           `- TypeRef
   |              |
   |              `- Int
   |
   +- params
   |  |
   |  `- [a#M.7]
   |
   `- definition
      |
      `- Exp.TypeAbs a#M.7:TU
         |
         `- Exp.Exp
            |
            `- TcExpX.ValueCase
               |
               +- Exp.Rec go#M.9
               |  |
               |  +- Type.Arrow U
               |  |  |
               |  |  +- Type.Type
               |  |  |  |
               |  |  |  `- TypeRef
               |  |  |     |
               |  |  |     `- Int
               |  |  |
               |  |  `- Type.Arrow U
               |  |     |
               |  |     +- Type.Type
               |  |     |  |
               |  |     |  `- TypeRef
               |  |     |     |
               |  |     |     +- List
               |  |     |     |
               |  |     |     `- Type.Var a#M.7
               |  |     |        |
               |  |     |        `- TU
               |  |     |
               |  |     `- Type.Type
               |  |        |
               |  |        `- TypeRef
               |  |           |
               |  |           `- Int
               |  |
               |  `- Exp.Abs U acc#M.10
               |     |
               |     +- Type.Type
               |     |  |
               |     |  `- TypeRef
               |     |     |
               |     |     `- Int
               |     |
               |     `- Exp.Abs U xs#M.11
               |        |
               |        +- Type.Type
               |        |  |
               |        |  `- TypeRef
               |        |     |
               |        |     +- List
               |        |     |
               |        |     `- Type.Var a#M.7
               |        |        |
               |        |        `- TU
               |        |
               |        `- Exp.Exp
               |           |
               |           `- TcExpX.ValueCase
               |              |
               |              +- Exp.Var xs#M.11
               |              |
               |              +- Cons#M.1 _#M.12 xs#M.13
               |              |  |
               |              |  `- Exp.App
               |              |     |
               |              |     +- Exp.App
               |              |     |  |
               |              |     |  +- Exp.Var go#M.9
               |              |     |  |
               |              |     |  `- Exp.App
               |              |     |     |
               |              |     |     +- Exp.App
               |              |     |     |  |
               |              |     |     |  +- Exp.Var (+)#Builtin.19
               |              |     |     |  |
               |              |     |     |  `- Exp.Var acc#M.10
               |              |     |     |
               |              |     |     `- Exp.Lit
               |              |     |        |
               |              |     |        `- Lit.Int 1
               |              |     |
               |              |     `- Exp.Var xs#M.13
               |              |
               |              `- Nil#M.2
               |                 |
               |                 `- Exp.Var acc#M.10
               |
               `- go#M.14
                  |
                  `- Exp.App
                     |
                     +- Exp.Var go#M.14
                     |
                     `- Exp.Lit
                        |
                        `- Lit.Int 0

