Arith#M.0
|
`- ProtoDecl
   |
   +- kind
   |  |
   |  `- P
   |
   +- parameters
   |
   `- constructors
      |
      +- Add#M.3
      |  |
      |  +- Type.Type
      |  |  |
      |  |  `- TypeRef
      |  |     |
      |  |     `- Int
      |  |
      |  +- Type.Type
      |  |  |
      |  |  `- TypeRef
      |  |     |
      |  |     `- Int
      |  |
      |  `- Type.Negate
      |     |
      |     `- Type.Type
      |        |
      |        `- TypeRef
      |           |
      |           `- Int
      |
      `- Neg#M.6
         |
         +- Type.Type
         |  |
         |  `- TypeRef
         |     |
         |     `- Int
         |
         `- Type.Negate
            |
            `- Type.Type
               |
               `- TypeRef
                  |
                  `- Int

List#M.1
|
`- DataDecl
   |
   +- kind
   |  |
   |  `- TU
   |
   +- parameters
   |  |
   |  `- (a#M.10:TU)
   |
   `- constructors
      |
      +- Cons#M.4
      |  |
      |  +- Type.Var a#M.10
      |  |  |
      |  |  `- TU
      |  |
      |  `- Type.Type
      |     |
      |     `- TypeRef
      |        |
      |        +- List
      |        |
      |        `- Type.Var a#M.10
      |           |
      |           `- TU
      |
      `- Nil#M.7

Repeat#M.2
|
`- ProtoDecl
   |
   +- kind
   |  |
   |  `- P
   |
   +- parameters
   |  |
   |  `- (p#M.11:P)
   |
   `- constructors
      |
      +- More#M.5
      |  |
      |  +- Type.Var p#M.11
      |  |  |
      |  |  `- P
      |  |
      |  `- Type.Type
      |     |
      |     `- TypeRef
      |        |
      |        +- Repeat
      |        |
      |        `- Type.Var p#M.11
      |           |
      |           `- P
      |
      `- Quit#M.8

Add#M.3
|
`- Decl.ProtocolCon (Arith#M.0)
   |
   +- parameters
   |
   `- items
      |
      +- Type.Type
      |  |
      |  `- TypeRef
      |     |
      |     `- Int
      |
      +- Type.Type
      |  |
      |  `- TypeRef
      |     |
      |     `- Int
      |
      `- Type.Negate
         |
         `- Type.Type
            |
            `- TypeRef
               |
               `- Int

Cons#M.4
|
`- Decl.DataCon (List#M.1)
   |
   +- parameters
   |  |
   |  `- (a#M.10:TU)
   |
   +- multiplicity
   |  |
   |  `- U
   |
   `- items
      |
      +- Type.Var a#M.10
      |  |
      |  `- TU
      |
      `- Type.Type
         |
         `- TypeRef
            |
            +- List
            |
            `- Type.Var a#M.10
               |
               `- TU

More#M.5
|
`- Decl.ProtocolCon (Repeat#M.2)
   |
   +- parameters
   |  |
   |  `- (p#M.11:P)
   |
   `- items
      |
      +- Type.Var p#M.11
      |  |
      |  `- P
      |
      `- Type.Type
         |
         `- TypeRef
            |
            +- Repeat
            |
            `- Type.Var p#M.11
               |
               `- P

Neg#M.6
|
`- Decl.ProtocolCon (Arith#M.0)
   |
   +- parameters
   |
   `- items
      |
      +- Type.Type
      |  |
      |  `- TypeRef
      |     |
      |     `- Int
      |
      `- Type.Negate
         |
         `- Type.Type
            |
            `- TypeRef
               |
               `- Int

Nil#M.7
|
`- Decl.DataCon (List#M.1)
   |
   +- parameters
   |  |
   |  `- (a#M.10:TU)
   |
   +- multiplicity
   |  |
   |  `- U
   |
   `- items

Quit#M.8
|
`- Decl.ProtocolCon (Repeat#M.2)
   |
   +- parameters
   |  |
   |  `- (p#M.11:P)
   |
   `- items

sum#M.9
|
`- ValueDecl
   |
   +- type
   |  |
   |  `- Type.Arrow U
   |     |
   |     +- Type.Type
   |     |  |
   |     |  `- TypeRef
   |     |     |
   |     |     +- List
   |     |     |
   |     |     `- Type.Type
   |     |        |
   |     |        `- TypeRef
   |     |           |
   |     |           `- Int
   |     |
   |     `- Type.Arrow U
   |        |
   |        +- Type.Session (!)
   |        |  |
   |        |  +- Type.Type
   |        |  |  |
   |        |  |  `- TypeRef
   |        |  |     |
   |        |  |     +- Repeat
   |        |  |     |
   |        |  |     `- Type.Type
   |        |  |        |
   |        |  |        `- TypeRef
   |        |  |           |
   |        |  |           `- Arith
   |        |  |
   |        |  `- Type.End!
   |        |
   |        `- Type.Type
   |           |
   |           `- TypeRef
   |              |
   |              `- Int
   |
   +- params
   |
   `- definition
      |
      `- Exp.Exp
         |
         `- TcExpX.ValueCase
            |
            +- Exp.Rec go#M.16
            |  |
            |  +- Type.Arrow U
            |  |  |
            |  |  +- Type.Type
            |  |  |  |
            |  |  |  `- TypeRef
            |  |  |     |
            |  |  |     `- Int
            |  |  |
            |  |  `- Type.Arrow U
            |  |     |
            |  |     +- Type.Type
            |  |     |  |
            |  |     |  `- TypeRef
            |  |     |     |
            |  |     |     +- List
            |  |     |     |
            |  |     |     `- Type.Type
            |  |     |        |
            |  |     |        `- TypeRef
            |  |     |           |
            |  |     |           `- Int
            |  |     |
            |  |     `- Type.Arrow U
            |  |        |
            |  |        +- Type.Session (!)
            |  |        |  |
            |  |        |  +- Type.Type
            |  |        |  |  |
            |  |        |  |  `- TypeRef
            |  |        |  |     |
            |  |        |  |     +- Repeat
            |  |        |  |     |
            |  |        |  |     `- Type.Type
            |  |        |  |        |
            |  |        |  |        `- TypeRef
            |  |        |  |           |
            |  |        |  |           `- Arith
            |  |        |  |
            |  |        |  `- Type.End!
            |  |        |
            |  |        `- Type.Type
            |  |           |
            |  |           `- TypeRef
            |  |              |
            |  |              `- Int
            |  |
            |  `- Exp.Abs U acc#M.17
            |     |
            |     +- Type.Type
            |     |  |
            |     |  `- TypeRef
            |     |     |
            |     |     `- Int
            |     |
            |     `- Exp.Abs U xs#M.18
            |        |
            |        +- Type.Type
            |        |  |
            |        |  `- TypeRef
            |        |     |
            |        |     +- List
            |        |     |
            |        |     `- Type.Type
            |        |        |
            |        |        `- TypeRef
            |        |           |
            |        |           `- Int
            |        |
            |        `- Exp.Abs U c#M.19
            |           |
            |           +- Type.Session (!)
            |           |  |
            |           |  +- Type.Type
            |           |  |  |
            |           |  |  `- TypeRef
            |           |  |     |
            |           |  |     +- Repeat
            |           |  |     |
            |           |  |     `- Type.Type
            |           |  |        |
            |           |  |        `- TypeRef
            |           |  |           |
            |           |  |           `- Arith
            |           |  |
            |           |  `- Type.End!
            |           |
            |           `- Exp.Exp
            |              |
            |              `- TcExpX.ValueCase
            |                 |
            |                 +- Exp.Var xs#M.18
            |                 |
            |                 +- Cons#M.4 x#M.20 xs#M.21
            |                 |  |
            |                 |  `- Exp.Exp
            |                 |     |
            |                 |     `- TcExpX.ValueCase
            |                 |        |
            |                 |        +- Exp.App
            |                 |        |  |
            |                 |        |  +- Exp.TypeApp
            |                 |        |  |  |
            |                 |        |  |  +- Exp.TypeApp
            |                 |        |  |  |  |
            |                 |        |  |  |  +- Exp.Select More#M.5
            |                 |        |  |  |  |
            |                 |        |  |  |  `- Type.Type
            |                 |        |  |  |     |
            |                 |        |  |  |     `- TypeRef
            |                 |        |  |  |        |
            |                 |        |  |  |        `- Arith
            |                 |        |  |  |
            |                 |        |  |  `- Type.End!
            |                 |        |  |
            |                 |        |  `- Exp.Var c#M.19
            |                 |        |
            |                 |        `- c#M.22
            |                 |           |
            |                 |           `- Exp.Exp
            |                 |              |
            |                 |              `- TcExpX.ValueCase
            |                 |                 |
            |                 |                 +- Exp.App
            |                 |                 |  |
            |                 |                 |  +- Exp.TypeApp
            |                 |                 |  |  |
            |                 |                 |  |  +- Exp.Select Add#M.3
            |                 |                 |  |  |
            |                 |                 |  |  `- Type.Session (!)
            |                 |                 |  |     |
            |                 |                 |  |     +- Type.Type
            |                 |                 |  |     |  |
            |                 |                 |  |     |  `- TypeRef
            |                 |                 |  |     |     |
            |                 |                 |  |     |     +- Repeat
            |                 |                 |  |     |     |
            |                 |                 |  |     |     `- Type.Type
            |                 |                 |  |     |        |
            |                 |                 |  |     |        `- TypeRef
            |                 |                 |  |     |           |
            |                 |                 |  |     |           `- Arith
            |                 |                 |  |     |
            |                 |                 |  |     `- Type.End!
            |                 |                 |  |
            |                 |                 |  `- Exp.Var c#M.22
            |                 |                 |
            |                 |                 `- c#M.23
            |                 |                    |
            |                 |                    `- Exp.Exp
            |                 |                       |
            |                 |                       `- TcExpX.ValueCase
            |                 |                          |
            |                 |                          +- Exp.App
            |                 |                          |  |
            |                 |                          |  +- Exp.App
            |                 |                          |  |  |
            |                 |                          |  |  +- Exp.TypeApp
            |                 |                          |  |  |  |
            |                 |                          |  |  |  +- Exp.TypeApp
            |                 |                          |  |  |  |  |
            |                 |                          |  |  |  |  +- Exp.Var send#Builtin.35
            |                 |                          |  |  |  |  |
            |                 |                          |  |  |  |  `- Type.Type
            |                 |                          |  |  |  |     |
            |                 |                          |  |  |  |     `- TypeRef
            |                 |                          |  |  |  |        |
            |                 |                          |  |  |  |        `- Int
            |                 |                          |  |  |  |
            |                 |                          |  |  |  `- Type.Session (!)
            |                 |                          |  |  |     |
            |                 |                          |  |  |     +- Type.Type
            |                 |                          |  |  |     |  |
            |                 |                          |  |  |     |  `- TypeRef
            |                 |                          |  |  |     |     |
            |                 |                          |  |  |     |     `- Int
            |                 |                          |  |  |     |
            |                 |                          |  |  |     `- Type.Session (?)
            |                 |                          |  |  |        |
            |                 |                          |  |  |        +- Type.Type
            |                 |                          |  |  |        |  |
            |                 |                          |  |  |        |  `- TypeRef
            |                 |                          |  |  |        |     |
            |                 |                          |  |  |        |     `- Int
            |                 |                          |  |  |        |
            |                 |                          |  |  |        `- Type.Session (!)
            |                 |                          |  |  |           |
            |                 |                          |  |  |           +- Type.Type
            |                 |                          |  |  |           |  |
            |                 |                          |  |  |           |  `- TypeRef
            |                 |                          |  |  |           |     |
            |                 |                          |  |  |           |     +- Repeat
            |                 |                          |  |  |           |     |
            |                 |                          |  |  |           |     `- Type.Type
            |                 |                          |  |  |           |        |
            |                 |                          |  |  |           |        `- TypeRef
            |                 |                          |  |  |           |           |
            |                 |                          |  |  |           |           `- Arith
            |                 |                          |  |  |           |
            |                 |                          |  |  |           `- Type.End!
            |                 |                          |  |  |
            |                 |                          |  |  `- Exp.Var x#M.20
            |                 |                          |  |
            |                 |                          |  `- Exp.Var c#M.23
            |                 |                          |
            |                 |                          `- c#M.24
            |                 |                             |
            |                 |                             `- Exp.Exp
            |                 |                                |
            |                 |                                `- TcExpX.ValueCase
            |                 |                                   |
            |                 |                                   +- Exp.App
            |                 |                                   |  |
            |                 |                                   |  +- Exp.App
            |                 |                                   |  |  |
            |                 |                                   |  |  +- Exp.TypeApp
            |                 |                                   |  |  |  |
            |                 |                                   |  |  |  +- Exp.TypeApp
            |                 |                                   |  |  |  |  |
            |                 |                                   |  |  |  |  +- Exp.Var send#Builtin.35
            |                 |                                   |  |  |  |  |
            |                 |                                   |  |  |  |  `- Type.Type
            |                 |                                   |  |  |  |     |
            |                 |                                   |  |  |  |     `- TypeRef
            |                 |                                   |  |  |  |        |
            |                 |                                   |  |  |  |        `- Int
            |                 |                                   |  |  |  |
            |                 |                                   |  |  |  `- Type.Session (?)
            |                 |                                   |  |  |     |
            |                 |                                   |  |  |     +- Type.Type
            |                 |                                   |  |  |     |  |
            |                 |                                   |  |  |     |  `- TypeRef
            |                 |                                   |  |  |     |     |
            |                 |                                   |  |  |     |     `- Int
            |                 |                                   |  |  |     |
            |                 |                                   |  |  |     `- Type.Session (!)
            |                 |                                   |  |  |        |
            |                 |                                   |  |  |        +- Type.Type
            |                 |                                   |  |  |        |  |
            |                 |                                   |  |  |        |  `- TypeRef
            |                 |                                   |  |  |        |     |
            |                 |                                   |  |  |        |     +- Repeat
            |                 |                                   |  |  |        |     |
            |                 |                                   |  |  |        |     `- Type.Type
            |                 |                                   |  |  |        |        |
            |                 |                                   |  |  |        |        `- TypeRef
            |                 |                                   |  |  |        |           |
            |                 |                                   |  |  |        |           `- Arith
            |                 |                                   |  |  |        |
            |                 |                                   |  |  |        `- Type.End!
            |                 |                                   |  |  |
            |                 |                                   |  |  `- Exp.Var acc#M.17
            |                 |                                   |  |
            |                 |                                   |  `- Exp.Var c#M.24
            |                 |                                   |
            |                 |                                   `- c#M.25
            |                 |                                      |
            |                 |                                      `- Exp.Exp
            |                 |                                         |
            |                 |                                         `- TcExpX.ValueCase
            |                 |                                            |
            |                 |                                            +- Exp.App
            |                 |                                            |  |
            |                 |                                            |  +- Exp.TypeApp
            |                 |                                            |  |  |
            |                 |                                            |  |  +- Exp.TypeApp
            |                 |                                            |  |  |  |
            |                 |                                            |  |  |  +- Exp.Var receive#Builtin.8
            |                 |                                            |  |  |  |
            |                 |                                            |  |  |  `- Type.Type
            |                 |                                            |  |  |     |
            |                 |                                            |  |  |     `- TypeRef
            |                 |                                            |  |  |        |
            |                 |                                            |  |  |        `- Int
            |                 |                                            |  |  |
            |                 |                                            |  |  `- Type.Session (!)
            |                 |                                            |  |     |
            |                 |                                            |  |     +- Type.Type
            |                 |                                            |  |     |  |
            |                 |                                            |  |     |  `- TypeRef
            |                 |                                            |  |     |     |
            |                 |                                            |  |     |     +- Repeat
            |                 |                                            |  |     |     |
            |                 |                                            |  |     |     `- Type.Type
            |                 |                                            |  |     |        |
            |                 |                                            |  |     |        `- TypeRef
            |                 |                                            |  |     |           |
            |                 |                                            |  |     |           `- Arith
            |                 |                                            |  |     |
            |                 |                                            |  |     `- Type.End!
            |                 |                                            |  |
            |                 |                                            |  `- Exp.Var c#M.25
            |                 |                                            |
            |                 |                                            `- (,)#Builtin.0 acc'#M.26 c#M.27
            |                 |                                               |
            |                 |                                               `- Exp.App
            |                 |                                                  |
            |                 |                                                  +- Exp.App
            |                 |                                                  |  |
            |                 |                                                  |  +- Exp.App
            |                 |                                                  |  |  |
            |                 |                                                  |  |  +- Exp.Var go#M.16
            |                 |                                                  |  |  |
            |                 |                                                  |  |  `- Exp.Var acc'#M.26
            |                 |                                                  |  |
            |                 |                                                  |  `- Exp.Var xs#M.21
            |                 |                                                  |
            |                 |                                                  `- Exp.Var c#M.27
            |                 |
            |                 `- Nil#M.7
            |                    |
            |                    `- Exp.Exp
            |                       |
            |                       `- TcExpX.ValueCase
            |                          |
            |                          +- Exp.App
            |                          |  |
            |                          |  +- Exp.Var terminate#Builtin.10
            |                          |  |
            |                          |  `- Exp.App
            |                          |     |
            |                          |     +- Exp.TypeApp
            |                          |     |  |
            |                          |     |  +- Exp.TypeApp
            |                          |     |  |  |
            |                          |     |  |  +- Exp.Select Quit#M.8
            |                          |     |  |  |
            |                          |     |  |  `- Type.Type
            |                          |     |  |     |
            |                          |     |  |     `- TypeRef
            |                          |     |  |        |
            |                          |     |  |        `- Arith
            |                          |     |  |
            |                          |     |  `- Type.End!
            |                          |     |
            |                          |     `- Exp.Var c#M.19
            |                          |
            |                          `- _#M.28
            |                             |
            |                             `- Exp.Var acc#M.17
            |
            `- go#M.29
               |
               `- Exp.App
                  |
                  +- Exp.Var go#M.29
                  |
                  `- Exp.Lit
                     |
                     `- Lit.Int 0

