double#M.0
|
`- ValueDecl
   |
   +- type
   |  |
   |  `- Type.Arrow U
   |     |
   |     +- Type.Type
   |     |  |
   |     |  `- TypeRef
   |     |     |
   |     |     `- Int
   |     |
   |     `- Type.Type
   |        |
   |        `- TypeRef
   |           |
   |           `- Int
   |
   +- params
   |
   `- definition
      |
      `- Exp.Abs U i#M.1
         |
         +- Type.Type
         |  |
         |  `- TypeRef
         |     |
         |     `- Int
         |
         `- Exp.App
            |
            +- Exp.App
            |  |
            |  +- Exp.Var (*)#Builtin.21
            |  |
            |  `- Exp.Var i#M.1
            |
            `- Exp.Lit
               |
               `- Lit.Int 2

