Exp.App
|
+- Exp.App
|  |
|  +- Exp.Var (||)#Builtin.11
|  |
|  `- Exp.App
|     |
|     +- Exp.App
|     |  |
|     |  +- Exp.Var (||)#Builtin.11
|     |  |
|     |  `- Exp.Lit
|     |     |
|     |     `- Lit.Int 2
|     |
|     `- Exp.App
|        |
|        +- Exp.App
|        |  |
|        |  +- Exp.Var (+)#Builtin.19
|        |  |
|        |  `- Exp.App
|        |     |
|        |     +- Exp.App
|        |     |  |
|        |     |  +- Exp.Var (*)#Builtin.21
|        |     |  |
|        |     |  `- Exp.App
|        |     |     |
|        |     |     +- Exp.App
|        |     |     |  |
|        |     |     |  +- Exp.Var (*)#Builtin.21
|        |     |     |  |
|        |     |     |  `- Exp.Lit
|        |     |     |     |
|        |     |     |     `- Lit.Int 3
|        |     |     |
|        |     |     `- Exp.Lit
|        |     |        |
|        |     |        `- Lit.Int 4
|        |     |
|        |     `- Exp.App
|        |        |
|        |        +- Exp.Var negate#Builtin.33
|        |        |
|        |        `- Exp.Lit
|        |           |
|        |           `- Lit.Int 2
|        |
|        `- Exp.App
|           |
|           +- Exp.App
|           |  |
|           |  +- Exp.Var global#R.0
|           |  |
|           |  `- Exp.Lit
|           |     |
|           |     `- Lit.String "a"
|           |
|           `- Exp.Lit
|              |
|              `- Lit.Unit
|
`- Exp.Lit
   |
   `- Lit.Int 1

