
1:1: error:
	 Declaration for foo
	       marked implicit at 1:1
	   not marked implicit at 2:1