Exp.ILet ?
|
+- Exp.Lit
|  |
|  `- Lit.Int 42
|
`- Exp.Lit
   |
   `- Lit.Unit

