
13:20: error:
	 No implicit available of type
	     Int